// Jest Snapshot v1, https://goo.gl/fbAQLP

exports[`<Container> should render correctly 1`] = `
<View
  style={
    Array [
      Object {
        "backgroundColor": "#fff",
        "flex": 1,
        "position": "relative",
        "zIndex": 100,
      },
      undefined,
    ]
  }
/>
`;
