// Jest Snapshot v1, https://goo.gl/fbAQLP

exports[`<PaddedInputScrollView> should render correctly 1`] = `
<RCTScrollView
  automaticallyAdjustContentInsets={false}
  contentInset={
    Object {
      "bottom": 0,
    }
  }
  enableAutomaticScroll={true}
  enableOnAndroid={false}
  enableResetScrollToCoords={true}
  extraHeight={75}
  extraScrollHeight={0}
  getScrollResponder={[Function]}
  handleOnScroll={[Function]}
  keyboardDismissMode="interactive"
  keyboardOpeningTime={250}
  keyboardSpace={0}
  onScroll={[Function]}
  resetKeyboardSpace={[Function]}
  scrollEventThrottle={1}
  scrollForExtraHeightOnAndroid={[Function]}
  scrollIntoView={[Function]}
  scrollToEnd={[Function]}
  scrollToFocusedInput={[Function]}
  scrollToPosition={[Function]}
  showsVerticalScrollIndicator={true}
  style={
    Array [
      Object {
        "flex": 1,
        "padding": 8,
        "paddingHorizontal": 16,
      },
      undefined,
    ]
  }
  update={[Function]}
  viewIsInsideTabBar={false}
>
  <View />
</RCTScrollView>
`;
