// Jest Snapshot v1, https://goo.gl/fbAQLP

exports[`<AvatarSelectButton> renders correctly 1`] = `
<View
  accessibilityComponentType=""
  accessibilityTraits=""
  style={
    Object {
      "backgroundColor": undefined,
      "borderColor": "transparent",
      "borderRadius": 100,
      "borderStyle": "solid",
      "borderWidth": 0,
      "elevation": 2,
      "minWidth": 64,
      "shadowColor": "#000000",
      "shadowOffset": Object {
        "height": 0.75,
        "width": 0,
      },
      "shadowOpacity": 0.24,
      "shadowRadius": 1.5,
      "width": 100,
    }
  }
>
  <View
    accessibilityRole="button"
    accessibilityState={
      Object {
        "disabled": undefined,
      }
    }
    accessible={true}
    focusable={true}
    onClick={[Function]}
    onResponderGrant={[Function]}
    onResponderMove={[Function]}
    onResponderRelease={[Function]}
    onResponderTerminate={[Function]}
    onResponderTerminationRequest={[Function]}
    onStartShouldSetResponder={[Function]}
    style={
      Array [
        Object {
          "overflow": "hidden",
        },
        Object {
          "borderRadius": 100,
        },
      ]
    }
  >
    <View
      style={
        Array [
          Object {
            "alignItems": "center",
            "flexDirection": "row",
            "justifyContent": "center",
          },
          Array [
            Object {
              "height": 56,
            },
            undefined,
          ],
        ]
      }
    >
      <Text
        numberOfLines={1}
        selectable={false}
        style={
          Array [
            Object {
              "color": "#000000",
              "fontFamily": "System",
              "fontWeight": "400",
              "textAlign": "left",
            },
            Array [
              Object {
                "letterSpacing": 1,
                "marginHorizontal": 16,
                "marginVertical": 9,
                "textAlign": "center",
              },
              undefined,
              false,
              Object {
                "color": "#ffffff",
                "fontFamily": "System",
                "fontWeight": "500",
              },
              Object {
                "fontFamily": "System",
                "fontWeight": "500",
              },
              Array [
                Object {
                  "fontSize": 16,
                  "fontWeight": "bold",
                  "letterSpacing": 0,
                },
                Object {
                  "color": "#fff",
                },
                undefined,
              ],
            ],
          ]
        }
      >
        Zmie≈Ñ
      </Text>
    </View>
  </View>
</View>
`;
