// Jest Snapshot v1, https://goo.gl/fbAQLP

exports[`<HeaderAppButton> renders correctly 1`] = `
<View
  collapsable={false}
  pointerEvents="box-none"
  style={
    Object {
      "flex": 1,
    }
  }
>
  <View
    accessibilityComponentType=""
    accessibilityTraits=""
    style={
      Object {
        "backgroundColor": "transparent",
        "borderColor": "transparent",
        "borderRadius": 100,
        "borderStyle": "solid",
        "borderWidth": 0,
        "elevation": 0,
        "minWidth": "auto",
      }
    }
  >
    <View
      accessibilityRole="button"
      accessibilityState={
        Object {
          "disabled": undefined,
        }
      }
      accessible={true}
      focusable={false}
      onClick={[Function]}
      onResponderGrant={[Function]}
      onResponderMove={[Function]}
      onResponderRelease={[Function]}
      onResponderTerminate={[Function]}
      onResponderTerminationRequest={[Function]}
      onStartShouldSetResponder={[Function]}
      style={
        Array [
          Object {
            "overflow": "hidden",
          },
          Object {
            "borderRadius": 100,
          },
        ]
      }
    >
      <View
        style={
          Array [
            Object {
              "alignItems": "center",
              "flexDirection": "row",
              "justifyContent": "center",
            },
            Array [
              false,
              undefined,
            ],
          ]
        }
      >
        <Text
          numberOfLines={1}
          selectable={false}
          style={
            Array [
              Object {
                "color": "#000000",
                "fontFamily": "System",
                "fontWeight": "400",
                "textAlign": "left",
              },
              Array [
                Object {
                  "letterSpacing": 1,
                  "marginHorizontal": 16,
                  "marginVertical": 9,
                  "textAlign": "center",
                },
                Object {
                  "marginHorizontal": 8,
                },
                false,
                Object {
                  "color": "#FFFFFF",
                  "fontFamily": "System",
                  "fontWeight": "500",
                },
                Object {
                  "fontFamily": "System",
                  "fontWeight": "500",
                },
                Array [
                  Object {
                    "fontSize": 16,
                    "fontWeight": "bold",
                    "letterSpacing": 0,
                  },
                  false,
                  Array [
                    undefined,
                    Object {
                      "fontSize": 14,
                    },
                  ],
                ],
              ],
            ]
          }
        >
          Test
        </Text>
      </View>
    </View>
  </View>
</View>
`;
