// Jest Snapshot v1, https://goo.gl/fbAQLP

exports[`<NumberSelector> renders correctly 1`] = `
<View
  style={
    Array [
      Object {
        "alignItems": "center",
        "flexDirection": "row",
        "justifyContent": "space-between",
        "width": 260,
      },
      undefined,
    ]
  }
>
  <View
    accessibilityRole="button"
    accessibilityState={
      Object {
        "disabled": undefined,
      }
    }
    accessible={true}
    focusable={true}
    hitSlop={
      Object {
        "bottom": 6,
        "left": 6,
        "right": 6,
        "top": 6,
      }
    }
    onClick={[Function]}
    onResponderGrant={[Function]}
    onResponderMove={[Function]}
    onResponderRelease={[Function]}
    onResponderTerminate={[Function]}
    onResponderTerminationRequest={[Function]}
    onStartShouldSetResponder={[Function]}
    style={
      Array [
        Object {
          "overflow": "hidden",
        },
        Array [
          Object {
            "alignItems": "center",
            "justifyContent": "center",
            "margin": 6,
            "overflow": "hidden",
          },
          Object {
            "borderRadius": 12,
            "height": 24,
            "width": 24,
          },
          undefined,
          Object {
            "backgroundColor": "#F6F6F6",
            "borderRadius": 100,
            "height": 50,
            "width": 50,
          },
        ],
      ]
    }
  >
    <View>
      <Text />
    </View>
  </View>
  <Text
    style={
      Array [
        Object {
          "fontSize": 30,
          "fontWeight": "bold",
        },
        undefined,
      ]
    }
    variant="h1"
  >
    0
  </Text>
  <View
    accessibilityRole="button"
    accessibilityState={
      Object {
        "disabled": undefined,
      }
    }
    accessible={true}
    focusable={true}
    hitSlop={
      Object {
        "bottom": 6,
        "left": 6,
        "right": 6,
        "top": 6,
      }
    }
    onClick={[Function]}
    onResponderGrant={[Function]}
    onResponderMove={[Function]}
    onResponderRelease={[Function]}
    onResponderTerminate={[Function]}
    onResponderTerminationRequest={[Function]}
    onStartShouldSetResponder={[Function]}
    style={
      Array [
        Object {
          "overflow": "hidden",
        },
        Array [
          Object {
            "alignItems": "center",
            "justifyContent": "center",
            "margin": 6,
            "overflow": "hidden",
          },
          Object {
            "borderRadius": 12,
            "height": 24,
            "width": 24,
          },
          undefined,
          Object {
            "backgroundColor": "#F6F6F6",
            "borderRadius": 100,
            "height": 50,
            "width": 50,
          },
        ],
      ]
    }
  >
    <View>
      <Text />
    </View>
  </View>
</View>
`;
