// Jest Snapshot v1, https://goo.gl/fbAQLP

exports[`<ScreenContent> renders correctly 1`] = `
<View
  style={
    Object {
      "flex": 1,
      "paddingHorizontal": 10,
    }
  }
/>
`;
